// Jest Snapshot v1, https://goo.gl/fbAQLP

exports[`PlaylistSearchForm matches snapshot 1`] = `
[
  <div
    className="rounded-xl border bg-card text-card-foreground shadow"
  >
    <div
      className="p-6 pt-0"
    >
      <form
        className="space-y-8"
        onSubmit={[Function]}
      >
        <div
          className="space-y-2"
        >
          <div
            aria-describedby=":r0:-form-item-description"
            aria-invalid={false}
            className="flex space-x-2"
            id=":r0:-form-item"
          >
            <input
              className="flex h-9 w-full rounded-md border border-input bg-transparent px-3 py-1 text-sm shadow-sm transition-colors file:border-0 file:bg-transparent file:text-sm file:font-medium placeholder:text-muted-foreground focus-visible:outline-none focus-visible:ring-1 focus-visible:ring-ring disabled:cursor-not-allowed disabled:opacity-50"
              disabled={false}
              name="query"
              onBlur={[Function]}
              onChange={[Function]}
              placeholder="Enter playlist name"
              value=""
            />
            <button
              className="inline-flex items-center justify-center whitespace-nowrap rounded-md text-sm font-medium transition-colors focus-visible:outline-none focus-visible:ring-1 focus-visible:ring-ring disabled:pointer-events-none disabled:opacity-50 bg-primary text-primary-foreground shadow hover:bg-primary/90 h-9 px-4 py-2"
              disabled={false}
              type="submit"
            >
              Search
            </button>
          </div>
        </div>
      </form>
    </div>
  </div>,
  <div
    aria-label="Loading progress"
    aria-valuemax={100}
    aria-valuemin={0}
    aria-valuenow={0}
    className="fixed top-0 left-0 w-screen h-screen flex items-center justify-center bg-black/50 z-50"
    role="progressbar"
    style={
      {
        "display": "none",
      }
    }
  />,
]
`;
