// Jest Snapshot v1, https://goo.gl/fbAQLP

exports[`FollowedPlaylists matches snapshot 1`] = `
<DocumentFragment>
  <div
    class="mt-8"
  >
    <h2
      class="text-2xl font-bold mb-4"
    >
      フォロー中のプレイリスト
    </h2>
    <ul
      class="grid grid-cols-1 sm:grid-cols-2 md:grid-cols-3 lg:grid-cols-4 gap-4"
    >
      <li
        class="bg-gray-100 p-4 rounded-lg shadow"
      >
        <div>
          <img
            alt="Playlist 1"
            class="w-full h-40 object-cover mb-2 rounded-full cursor-pointer"
            src="https://example.com/image1.jpg"
          />
          <h3
            class="font-semibold cursor-pointer"
          >
            Playlist 1
          </h3>
          <p
            class="text-sm text-gray-600"
          >
            トラック数: 10
          </p>
        </div>
      </li>
      <li
        class="bg-gray-100 p-4 rounded-lg shadow"
      >
        <div>
          <img
            alt="Playlist 2"
            class="w-full h-40 object-cover mb-2 rounded-full cursor-pointer"
            src="https://example.com/image2.jpg"
          />
          <h3
            class="font-semibold cursor-pointer"
          >
            Playlist 2
          </h3>
          <p
            class="text-sm text-gray-600"
          >
            トラック数: 20
          </p>
        </div>
      </li>
      <li
        class="bg-gray-100 p-4 rounded-lg shadow"
      >
        <div>
          <div
            class="w-full h-40 bg-gray-200 flex items-center justify-center mb-2 rounded-full"
          >
            <span
              class="text-gray-500"
            >
              No Image
            </span>
          </div>
          <h3
            class="font-semibold cursor-pointer"
          >
            Playlist 3
          </h3>
          <p
            class="text-sm text-gray-600"
          >
            トラック数: 0
          </p>
        </div>
      </li>
    </ul>
  </div>
</DocumentFragment>
`;
